ParsingTable[table={PROGRAM=ParsingTableRow[row={CLASS=[ParsingTableProduction[symbols=[CLASS, MAIN, LEFT_PARENTHESIS, RIGHT_PARENTHESIS, LEFT_BRACE, STMTS, RIGHT_BRACE]]]}], STMTS=ParsingTableRow[row={RETURN=[ParsingTableProduction[symbols=[STMT, STMTS]]], CLASS=[ParsingTableProduction[symbols=[STMT, STMTS]]], LEFT_PARENTHESIS=[ParsingTableProduction[symbols=[STMT, STMTS]]], IDENTIFIER=[ParsingTableProduction[symbols=[STMT, STMTS]]], RIGHT_BRACE=[ParsingTableProduction[symbols=[EPSILON]]], EPSILON=[ParsingTableProduction[symbols=[EPSILON]]]}], STMT=ParsingTableRow[row={RETURN=[ParsingTableProduction[symbols=[RETURN, ASSIGN, SEMICOLON]]], CLASS=[ParsingTableProduction[symbols=[DECL, SEMICOLON]]], LEFT_PARENTHESIS=[ParsingTableProduction[symbols=[SIMP, SEMICOLON]]], IDENTIFIER=[ParsingTableProduction[symbols=[SIMP, SEMICOLON]]]}], DECL=ParsingTableRow[row={CLASS=[ParsingTableProduction[symbols=[CLASS, IDENTIFIER, DECL2]]]}], SIMP=ParsingTableRow[row={LEFT_PARENTHESIS=[ParsingTableProduction[symbols=[LVALUE, ASNOP, ASSIGN]]], IDENTIFIER=[ParsingTableProduction[symbols=[LVALUE, ASNOP, ASSIGN]]]}], LVALUE=ParsingTableRow[row={LEFT_PARENTHESIS=[ParsingTableProduction[symbols=[LEFT_PARENTHESIS, LVALUE, RIGHT_PARENTHESIS]]], IDENTIFIER=[ParsingTableProduction[symbols=[IDENTIFIER]]]}], ASSIGN=ParsingTableRow[row={LEFT_PARENTHESIS=[ParsingTableProduction[symbols=[ADD, ASSIGN2]]], MINUS=[ParsingTableProduction[symbols=[ADD, ASSIGN2]]], IDENTIFIER=[ParsingTableProduction[symbols=[ADD, ASSIGN2]]], DECIMAL=[ParsingTableProduction[symbols=[ADD, ASSIGN2]]], HEXADECIMAL=[ParsingTableProduction[symbols=[ADD, ASSIGN2]]]}], ADD=ParsingTableRow[row={LEFT_PARENTHESIS=[ParsingTableProduction[symbols=[MUL, ADD2]]], MINUS=[ParsingTableProduction[symbols=[MUL, ADD2]]], IDENTIFIER=[ParsingTableProduction[symbols=[MUL, ADD2]]], DECIMAL=[ParsingTableProduction[symbols=[MUL, ADD2]]], HEXADECIMAL=[ParsingTableProduction[symbols=[MUL, ADD2]]]}], MUL=ParsingTableRow[row={LEFT_PARENTHESIS=[ParsingTableProduction[symbols=[UNARY, MUL2]]], MINUS=[ParsingTableProduction[symbols=[UNARY, MUL2]]], IDENTIFIER=[ParsingTableProduction[symbols=[UNARY, MUL2]]], DECIMAL=[ParsingTableProduction[symbols=[UNARY, MUL2]]], HEXADECIMAL=[ParsingTableProduction[symbols=[UNARY, MUL2]]]}], UNARY=ParsingTableRow[row={LEFT_PARENTHESIS=[ParsingTableProduction[symbols=[PRIMARY]]], MINUS=[ParsingTableProduction[symbols=[MINUS, UNARY]]], IDENTIFIER=[ParsingTableProduction[symbols=[PRIMARY]]], DECIMAL=[ParsingTableProduction[symbols=[PRIMARY]]], HEXADECIMAL=[ParsingTableProduction[symbols=[PRIMARY]]]}], ASSIGN2=ParsingTableRow[row={SEMICOLON=[ParsingTableProduction[symbols=[EPSILON]]], EQUALS=[ParsingTableProduction[symbols=[ASNOP, ASSIGN]]], RIGHT_PARENTHESIS=[ParsingTableProduction[symbols=[EPSILON]]], PLUS_EQUALS=[ParsingTableProduction[symbols=[ASNOP, ASSIGN]]], MINUS_EQUALS=[ParsingTableProduction[symbols=[ASNOP, ASSIGN]]], STAR_EQUALS=[ParsingTableProduction[symbols=[ASNOP, ASSIGN]]], SLASH_EQUALS=[ParsingTableProduction[symbols=[ASNOP, ASSIGN]]], PERCENT_EQUALS=[ParsingTableProduction[symbols=[ASNOP, ASSIGN]]], EPSILON=[ParsingTableProduction[symbols=[EPSILON]]]}], ADD2=ParsingTableRow[row={SEMICOLON=[ParsingTableProduction[symbols=[EPSILON]]], EQUALS=[ParsingTableProduction[symbols=[EPSILON]]], RIGHT_PARENTHESIS=[ParsingTableProduction[symbols=[EPSILON]]], PLUS=[ParsingTableProduction[symbols=[ADDOP, MUL, ADD2]]], MINUS=[ParsingTableProduction[symbols=[ADDOP, MUL, ADD2]]], PLUS_EQUALS=[ParsingTableProduction[symbols=[EPSILON]]], MINUS_EQUALS=[ParsingTableProduction[symbols=[EPSILON]]], STAR_EQUALS=[ParsingTableProduction[symbols=[EPSILON]]], SLASH_EQUALS=[ParsingTableProduction[symbols=[EPSILON]]], PERCENT_EQUALS=[ParsingTableProduction[symbols=[EPSILON]]], EPSILON=[ParsingTableProduction[symbols=[EPSILON]]]}], MUL2=ParsingTableRow[row={SEMICOLON=[ParsingTableProduction[symbols=[EPSILON]]], EQUALS=[ParsingTableProduction[symbols=[EPSILON]]], RIGHT_PARENTHESIS=[ParsingTableProduction[symbols=[EPSILON]]], PLUS=[ParsingTableProduction[symbols=[EPSILON]]], MINUS=[ParsingTableProduction[symbols=[EPSILON]]], STAR=[ParsingTableProduction[symbols=[MULOP, UNARY, MUL2]]], SLASH=[ParsingTableProduction[symbols=[MULOP, UNARY, MUL2]]], PERCENT=[ParsingTableProduction[symbols=[MULOP, UNARY, MUL2]]], PLUS_EQUALS=[ParsingTableProduction[symbols=[EPSILON]]], MINUS_EQUALS=[ParsingTableProduction[symbols=[EPSILON]]], STAR_EQUALS=[ParsingTableProduction[symbols=[EPSILON]]], SLASH_EQUALS=[ParsingTableProduction[symbols=[EPSILON]]], PERCENT_EQUALS=[ParsingTableProduction[symbols=[EPSILON]]], EPSILON=[ParsingTableProduction[symbols=[EPSILON]]]}], DECL2=ParsingTableRow[row={SEMICOLON=[ParsingTableProduction[symbols=[EPSILON]]], EQUALS=[ParsingTableProduction[symbols=[EQUALS, ASSIGN]]], EPSILON=[ParsingTableProduction[symbols=[EPSILON]]]}], PRIMARY=ParsingTableRow[row={LEFT_PARENTHESIS=[ParsingTableProduction[symbols=[LEFT_PARENTHESIS, ASSIGN, RIGHT_PARENTHESIS]]], IDENTIFIER=[ParsingTableProduction[symbols=[IDENTIFIER]]], DECIMAL=[ParsingTableProduction[symbols=[INTCONST]]], HEXADECIMAL=[ParsingTableProduction[symbols=[INTCONST]]]}], INTCONST=ParsingTableRow[row={DECIMAL=[ParsingTableProduction[symbols=[DECIMAL]]], HEXADECIMAL=[ParsingTableProduction[symbols=[HEXADECIMAL]]]}], ASNOP=ParsingTableRow[row={EQUALS=[ParsingTableProduction[symbols=[EQUALS]]], PLUS_EQUALS=[ParsingTableProduction[symbols=[PLUS_EQUALS]]], MINUS_EQUALS=[ParsingTableProduction[symbols=[MINUS_EQUALS]]], STAR_EQUALS=[ParsingTableProduction[symbols=[STAR_EQUALS]]], SLASH_EQUALS=[ParsingTableProduction[symbols=[SLASH_EQUALS]]], PERCENT_EQUALS=[ParsingTableProduction[symbols=[PERCENT_EQUALS]]]}], ADDOP=ParsingTableRow[row={PLUS=[ParsingTableProduction[symbols=[PLUS]]], MINUS=[ParsingTableProduction[symbols=[MINUS]]]}], MULOP=ParsingTableRow[row={STAR=[ParsingTableProduction[symbols=[STAR]]], SLASH=[ParsingTableProduction[symbols=[SLASH]]], PERCENT=[ParsingTableProduction[symbols=[PERCENT]]]}]}]