[TokenClass[type=CLASS, position=Position[line=1, position=1], clazz=class java.lang.Integer], Token[type=MAIN, position=Position[line=1, position=5]], Token[type=LEFT_PARENTHESIS, position=Position[line=1, position=9]], Token[type=RIGHT_PARENTHESIS, position=Position[line=1, position=10]], Token[type=LEFT_BRACE, position=Position[line=1, position=12]], Token[type=RIGHT_BRACE, position=Position[line=5, position=1]], Token[type=EOF, position=Position[line=5, position=2]]]