[TokenClass[type=CLASS, position=Position[line=1, position=1], clazz=class java.lang.Integer], Token[type=MAIN, position=Position[line=1, position=5]], Token[type=LEFT_PARENTHESIS, position=Position[line=1, position=9]], Token[type=RIGHT_PARENTHESIS, position=Position[line=1, position=10]], Token[type=LEFT_BRACE, position=Position[line=1, position=12]], TokenClass[type=CLASS, position=Position[line=2, position=5], clazz=class java.lang.Integer], TokenIdentifier[type=IDENTIFIER, position=Position[line=2, position=9], identifier=a], Token[type=EQUALS, position=Position[line=2, position=11]], TokenDecimal[type=DECIMAL, position=Position[line=2, position=13], value=5], Token[type=SEMICOLON, position=Position[line=2, position=14]], Token[type=SINGLE_LINE_COMMENT, position=Position[line=2, position=16]], TokenClass[type=CLASS, position=Position[line=3, position=5], clazz=class java.lang.Integer], TokenIdentifier[type=IDENTIFIER, position=Position[line=3, position=9], identifier=b], Token[type=EQUALS, position=Position[line=3, position=11]], TokenDecimal[type=HEXADECIMAL, position=Position[line=3, position=13], value=10], Token[type=SEMICOLON, position=Position[line=3, position=16]], Token[type=MULTI_LINE_COMMENT_BEGIN, position=Position[line=3, position=18]], Token[type=MULTI_LINE_COMMENT_END, position=Position[line=3, position=54]], TokenClass[type=CLASS, position=Position[line=3, position=57], clazz=class java.lang.Integer], TokenIdentifier[type=IDENTIFIER, position=Position[line=3, position=61], identifier=c], Token[type=EQUALS, position=Position[line=3, position=63]], TokenDecimal[type=DECIMAL, position=Position[line=3, position=65], value=15], Token[type=SEMICOLON, position=Position[line=3, position=67]], Token[type=MULTI_LINE_COMMENT_BEGIN, position=Position[line=4, position=3]], Token[type=MULTI_LINE_COMMENT_END, position=Position[line=7, position=10]], TokenClass[type=CLASS, position=Position[line=7, position=12], clazz=class java.lang.Integer], TokenIdentifier[type=IDENTIFIER, position=Position[line=7, position=16], identifier=f], Token[type=EQUALS, position=Position[line=7, position=18]], TokenIdentifier[type=IDENTIFIER, position=Position[line=7, position=20], identifier=a], Token[type=STAR, position=Position[line=7, position=22]], TokenIdentifier[type=IDENTIFIER, position=Position[line=7, position=24], identifier=b], Token[type=PLUS, position=Position[line=7, position=26]], TokenIdentifier[type=IDENTIFIER, position=Position[line=7, position=28], identifier=c], Token[type=SEMICOLON, position=Position[line=7, position=29]], TokenClass[type=CLASS, position=Position[line=8, position=5], clazz=class java.lang.Integer], TokenIdentifier[type=IDENTIFIER, position=Position[line=8, position=9], identifier=g], Token[type=EQUALS, position=Position[line=8, position=11]], TokenIdentifier[type=IDENTIFIER, position=Position[line=8, position=13], identifier=f], Token[type=MINUS, position=Position[line=8, position=15]], TokenDecimal[type=DECIMAL, position=Position[line=8, position=17], value=50], Token[type=SLASH, position=Position[line=8, position=20]], TokenDecimal[type=DECIMAL, position=Position[line=8, position=22], value=2], Token[type=SEMICOLON, position=Position[line=8, position=23]], TokenIdentifier[type=IDENTIFIER, position=Position[line=9, position=5], identifier=returnint], TokenIdentifier[type=IDENTIFIER, position=Position[line=9, position=15], identifier=f], Token[type=SEMICOLON, position=Position[line=9, position=17]], Token[type=SINGLE_LINE_COMMENT, position=Position[line=10, position=5]], Token[type=RETURN, position=Position[line=11, position=5]], TokenIdentifier[type=IDENTIFIER, position=Position[line=11, position=12], identifier=g], Token[type=PERCENT, position=Position[line=11, position=14]], TokenDecimal[type=DECIMAL, position=Position[line=11, position=16], value=3], Token[type=SEMICOLON, position=Position[line=11, position=17]], Token[type=RIGHT_BRACE, position=Position[line=12, position=1]], Token[type=EOF, position=Position[line=12, position=2]]]