[Token[type=RETURN, position=Position[line=1, position=1]], Token[type=SEMICOLON, position=Position[line=2, position=1]], TokenClass[type=CLASS, position=Position[line=3, position=1], clazz=class java.lang.Integer], Token[type=EQUALS, position=Position[line=4, position=1]], Token[type=LEFT_PARENTHESIS, position=Position[line=5, position=1]], Token[type=RIGHT_PARENTHESIS, position=Position[line=6, position=1]], Token[type=PLUS, position=Position[line=7, position=1]], Token[type=MINUS, position=Position[line=8, position=1]], Token[type=STAR, position=Position[line=9, position=1]], Token[type=SLASH, position=Position[line=10, position=1]], Token[type=PERCENT, position=Position[line=11, position=1]], Token[type=PLUS_EQUALS, position=Position[line=12, position=1]], Token[type=MINUS_EQUALS, position=Position[line=13, position=1]], Token[type=STAR_EQUALS, position=Position[line=14, position=1]], Token[type=SLASH_EQUALS, position=Position[line=15, position=1]], Token[type=PERCENT_EQUALS, position=Position[line=16, position=1]], Token[type=MAIN, position=Position[line=17, position=1]], TokenIdentifier[type=IDENTIFIER, position=Position[line=18, position=1], identifier=a], TokenDecimal[type=DECIMAL, position=Position[line=19, position=1], value=10], TokenDecimal[type=HEXADECIMAL, position=Position[line=20, position=1], value=64204], Token[type=LEFT_BRACE, position=Position[line=21, position=1]], Token[type=RIGHT_BRACE, position=Position[line=22, position=1]], TokenError[type=UNKNOWN, position=Position[line=23, position=1], error=<], Token[type=EOF, position=Position[line=26, position=3]]]