[Token[type=MAIN, position=Position[line=1, position=1]], TokenIdentifier[type=IDENTIFIER, position=Position[line=1, position=6], identifier=mainint], Token[type=PLUS_EQUALS, position=Position[line=2, position=1]], Token[type=PLUS, position=Position[line=2, position=3]], TokenIdentifier[type=IDENTIFIER, position=Position[line=2, position=4], identifier=ident], Token[type=LEFT_PARENTHESIS, position=Position[line=3, position=1]], Token[type=LEFT_BRACE, position=Position[line=3, position=2]], Token[type=RIGHT_PARENTHESIS, position=Position[line=3, position=3]], Token[type=RIGHT_BRACE, position=Position[line=3, position=4]], TokenIdentifier[type=IDENTIFIER, position=Position[line=4, position=1], identifier=return123], Token[type=EOF, position=Position[line=4, position=10]]]